<testsuites id="" name="" tests="1" failures="0" skipped="0" errors="0" time="13.489429">
<testsuite name="DropDowns.spec.js" timestamp="2023-10-24T09:31:27.188Z" hostname="chromium" tests="1" failures="0" skipped="0" time="11.029" errors="0">
<testcase name="Handle dropdowns" classname="DropDowns.spec.js" time="11.029">
<system-out>
<![CDATA[United States
Canada
United Kingdom
Germany
France
Australia
Japan
China
Brazil
India
]]>
</system-out>
</testcase>
</testsuite>
</testsuites>